
> ops.com@0.1.0 build
> next build

Attention: Next.js now collects completely anonymous telemetry regarding usage.
This information is used to shape Next.js' roadmap and prioritize features.
You can learn more, including how to opt-out if you'd not like to participate in this anonymous program, by visiting the following URL:
https://nextjs.org/telemetry

   ▲ Next.js 16.0.1 (Turbopack)

   Creating an optimized production build ...
 ✓ Compiled successfully in 6.6s
   Running TypeScript ...
   Collecting page data ...
   Generating static pages (0/9) ...
 ⚠ metadataBase property in metadata export is not set for resolving social open graph or twitter images, using "http://localhost:3000". See https://nextjs.org/docs/app/api-reference/functions/generate-metadata#metadatabase
   Generating static pages (2/9) 
   Generating static pages (4/9) 
   Generating static pages (6/9) 
 ✓ Generating static pages (9/9) in 2.2s
   Finalizing page optimization ...

Route (app)
┌ ○ /
├ ○ /_not-found
├ ○ /brand
├ ○ /convert
├ ○ /docs
├ ○ /icon.svg
├ ○ /projects
└ ○ /templates


○  (Static)  prerendered as static content

